I'm sorry, but errors were detected in your script. Please correct the
errors listed below, and try again.


File "game/script.rpy", line 154: 'show' is not a keyword argument or valid child of the screen statement.
    show hatman
        ^

Ren'Py Version: Ren'Py 8.2.1.24030407
Mon May 20 20:03:15 2024
